// Jest Snapshot v1, https://goo.gl/fbAQLP

exports[`createHTML should match the snapshot 1`] = `
<div
  class="recommendation-ui hidden"
>
  <div
    class="content"
  />
</div>
`;
