// Jest Snapshot v1, https://goo.gl/fbAQLP

exports[`createHTML should match the snapshot 1`] = `
<div
  class="ima-ui hidden"
>
  <div
    class="ad-container"
  />
  <div
    class="overlay"
  >
    <div
      class="loading-spinner hidden"
    >
      <div
        class="animation"
      />
    </div>
    <div
      class="controls-top"
    />
    <div
      class="controls-bottom"
    >
      <button
        aria-label="Play"
        class="button button-play"
        title="Play"
        type="button"
      >
        <svg
          focusable="false"
          role="presentation"
        >
          <use
            xlink:href="#cheza-play"
          />
        </svg>
      </button>
      <button
        aria-label="Pause"
        class="button button-pause hidden"
        title="Pause"
        type="button"
      >
        <svg
          focusable="false"
          role="presentation"
        >
          <use
            xlink:href="#cheza-pause"
          />
        </svg>
      </button>
      <button
        aria-label="Mute"
        class="button button-volume"
        title="Mute"
        type="button"
      >
        <svg
          focusable="false"
          role="presentation"
        >
          <use
            xlink:href="#cheza-volume"
          />
        </svg>
      </button>
      <button
        aria-label="Unmute"
        class="button button-muted hidden"
        title="Unmute"
        type="button"
      >
        <svg
          focusable="false"
          role="presentation"
        >
          <use
            xlink:href="#cheza-muted"
          />
        </svg>
      </button>
      <div
        class="time-label"
      />
      <button
        aria-label="Enter Fullscreen"
        class="button button-enter-fullscreen"
        title="Enter Fullscreen"
        type="button"
      >
        <svg
          focusable="false"
          role="presentation"
        >
          <use
            xlink:href="#cheza-enter-fullscreen"
          />
        </svg>
      </button>
      <button
        aria-label="Exit Fullscreen"
        class="button button-exit-fullscreen hidden"
        title="Exit Fullscreen"
        type="button"
      >
        <svg
          focusable="false"
          role="presentation"
        >
          <use
            xlink:href="#cheza-exit-fullscreen"
          />
        </svg>
      </button>
    </div>
  </div>
</div>
`;
